
((digest . "d5284f1f217cec9e52725121dea2e74c") (undo-list nil ("-rw-rw-r-- 1 ryuichi ryuichi 507 10月 15 03:53 ./adx_connect/appfw_recv/pri/appfw_recv_crc32.c
-rw-rw-r-- 1 ryuichi ryuichi 245 10月 15 03:53 ./adx_connect/appfw_recv/pri/appfw_recv_crc32.h
-rw-rw-r-- 1 ryuichi ryuichi 11247 10月 15 05:53 ./adx_connect/appfw_recv/pri/appfw_recv_func.c
-rw-rw-r-- 1 ryuichi ryuichi 1550 10月 15 05:41 ./adx_connect/appfw_recv/pub/appfw_recv_func.h
-rw-rw-r-- 1 ryuichi ryuichi 637 10月 15 03:53 ./adx_connect/appfw_recv/_make_list_appfw_recv.mk
-rw-rw-r-- 1 ryuichi ryuichi 410 10月 15 05:54 ./adx_connect/appfw_data/pri/appfw.h
-rw-rw-r-- 1 ryuichi ryuichi 10766 10月 15 06:59 ./adx_connect/appfw_data/pri/CarState.h
-rw-rw-r-- 1 ryuichi ryuichi 3296 10月 15 06:58 ./adx_connect/appfw_data/pri/ADXDigsmStatus.h
-rw-rw-r-- 1 ryuichi ryuichi 159 10月 15 05:56 ./adx_connect/appfw_data/pub/appfw_data.h
-rw-rw-r-- 1 ryuichi ryuichi 10390 10月 15 06:41 ./adx_connect/appfw_send/pri/appfw_send_func.c
-rw-rw-r-- 1 ryuichi ryuichi 1548 10月 15 06:41 ./adx_connect/appfw_send/pub/appfw_send_func.h
" . -1) ((marker . 150909) . -1014) ((marker . 154314) . -94) ((marker . 154314) . -94) ((marker . 154419) . -283) ((marker . 154419) . -283) ((marker . 154018) . -473) ((marker . 154018) . -473) ((marker . 153814) . -644) ((marker . 153814) . -644) ((marker . 154118) . -825) ((marker . 154118) . -825) ((marker . 153600) . -1014) ((marker . 153600) . -1014) ((marker . 150909) . -1014) ((marker . 153512) . -920) ((marker . 153512) . -920) ((marker . 153714) . -737) ((marker . 153714) . -737) ((marker . 153907) . -556) ((marker . 153907) . -556) ((marker . 150909) . -377) ((marker . 150909) . -377) ((marker . 154220) . -188) ((marker . 154220) . -188) ((marker) . -1014) 1015 (t 23492 21919 924607 0)))
